
> cargolink-web@0.1.0 dev
> next dev

▲ Next.js 16.3.1 (Turbopack)
- Local:         http://localhost:49859
- Network:       http://192.168.0.109:49859
✓ Ready in 593ms
✓ Running next.config.ts took 49ms

 GET / 200 in 1128ms (next.js: 223ms, application-code: 904ms)
 GET / 200 in 167ms (next.js: 7ms, application-code: 160ms)
 GET / 200 in 169ms (next.js: 6ms, application-code: 163ms)
 GET / 200 in 165ms (next.js: 4ms, application-code: 161ms)
 GET / 200 in 207ms (next.js: 9ms, application-code: 199ms)
 GET / 200 in 197ms (next.js: 7ms, application-code: 190ms)
 GET / 200 in 178ms (next.js: 7ms, application-code: 171ms)
 GET / 200 in 179ms (next.js: 4ms, application-code: 174ms)
 GET / 200 in 327ms (next.js: 9ms, application-code: 318ms)
 GET / 200 in 202ms (next.js: 13ms, application-code: 189ms)
 GET /sign-in 200 in 156ms (next.js: 41ms, application-code: 114ms)
 GET /dashboard 200 in 58ms (next.js: 34ms, application-code: 24ms)
 GET / 200 in 175ms (next.js: 4ms, application-code: 171ms)
 GET / 200 in 280ms (next.js: 8ms, application-code: 272ms)
✓ Compiled in 444ms
 GET / 200 in 350ms (next.js: 20ms, application-code: 331ms)
 GET / 200 in 203ms (next.js: 17ms, application-code: 186ms)
 GET / 200 in 350ms (next.js: 21ms, application-code: 329ms)
 GET / 200 in 362ms (next.js: 11ms, application-code: 351ms)
 GET /sustainability 200 in 95ms (next.js: 39ms, application-code: 56ms)
 GET /solutions/businesses 200 in 95ms (next.js: 45ms, application-code: 50ms)
 GET /industries 200 in 83ms (next.js: 39ms, application-code: 44ms)
 GET /solutions/businesses 200 in 60ms (next.js: 11ms, application-code: 49ms)
 GET / 200 in 268ms (next.js: 6ms, application-code: 262ms)
 GET / 200 in 101ms (next.js: 5ms, application-code: 96ms)
 GET / 200 in 214ms (next.js: 7ms, application-code: 207ms)
 GET / 200 in 264ms (next.js: 16ms, application-code: 249ms)
 GET / 200 in 134ms (next.js: 13ms, application-code: 121ms)
 GET /signup 200 in 76ms (next.js: 40ms, application-code: 36ms)
 GET / 200 in 291ms (next.js: 7ms, application-code: 284ms)
 GET /sign-in 200 in 24ms (next.js: 6ms, application-code: 18ms)
 GET /dashboard 200 in 31ms (next.js: 12ms, application-code: 20ms)
 GET / 200 in 91ms (next.js: 7ms, application-code: 84ms)
 GET /dashboard 200 in 33ms (next.js: 8ms, application-code: 25ms)
 GET / 200 in 300ms (next.js: 10ms, application-code: 290ms)
 GET / 200 in 189ms (next.js: 6ms, application-code: 184ms)
 GET /dashboard 200 in 117ms (next.js: 8ms, application-code: 110ms)
 GET /dashboard 200 in 47ms (next.js: 8ms, application-code: 39ms)
 GET /dashboard/shipments 200 in 71ms (next.js: 46ms, application-code: 25ms)
 GET /dashboard/history 200 in 76ms (next.js: 44ms, application-code: 31ms)
 GET /dashboard/analytics 200 in 68ms (next.js: 37ms, application-code: 31ms)
 GET /dashboard/earnings 200 in 54ms (next.js: 32ms, application-code: 23ms)
 GET /dashboard/settings 200 in 62ms (next.js: 41ms, application-code: 21ms)
 GET /dashboard 200 in 31ms (next.js: 5ms, application-code: 25ms)
 GET / 200 in 206ms (next.js: 15ms, application-code: 191ms)
