⨯ ReferenceError: window is not defined
    at module evaluation (components\ui\IndiaMap.tsx:4:1)
  2 |
  3 | import { useSyncExternalStore } from "react";
> 4 | import { MapContainer, TileLayer, Marker, Popup, Polyline, Circle } from "react-leaflet";
    | ^
  5 | import L from "leaflet";
  6 | import "leaflet/dist/leaflet.css";
  7 | import { cn } from "@/lib/utils"; {
  digest: '4262541720'
}
⨯ ReferenceError: window is not defined
    at module evaluation (components\ui\IndiaMap.tsx:4:1)
  2 |
  3 | import { useSyncExternalStore } from "react";
> 4 | import { MapContainer, TileLayer, Marker, Popup, Polyline, Circle } from "react-leaflet";
    | ^
  5 | import L from "leaflet";
  6 | import "leaflet/dist/leaflet.css";
  7 | import { cn } from "@/lib/utils"; {
  digest: '4262541720'
}
⨯ ReferenceError: window is not defined
    at module evaluation (components\ui\IndiaMap.tsx:4:1)
  2 |
  3 | import { useSyncExternalStore } from "react";
> 4 | import { MapContainer, TileLayer, Marker, Popup, Polyline, Circle } from "react-leaflet";
    | ^
  5 | import L from "leaflet";
  6 | import "leaflet/dist/leaflet.css";
  7 | import { cn } from "@/lib/utils"; {
  digest: '4262541720'
}
⨯ ReferenceError: window is not defined
    at module evaluation (components\ui\IndiaMap.tsx:4:1)
  2 |
  3 | import { useSyncExternalStore } from "react";
> 4 | import { MapContainer, TileLayer, Marker, Popup, Polyline, Circle } from "react-leaflet";
    | ^
  5 | import L from "leaflet";
  6 | import "leaflet/dist/leaflet.css";
  7 | import { cn } from "@/lib/utils"; {
  digest: '4262541720'
}
⨯ ReferenceError: window is not defined
    at module evaluation (components\ui\IndiaMap.tsx:4:1)
  2 |
  3 | import { useSyncExternalStore } from "react";
> 4 | import { MapContainer, TileLayer, Marker, Popup, Polyline, Circle } from "react-leaflet";
    | ^
  5 | import L from "leaflet";
  6 | import "leaflet/dist/leaflet.css";
  7 | import { cn } from "@/lib/utils"; {
  digest: '4262541720'
}
[browser] Image with src "https://images.unsplash.com/photo-1601584115197-04ecc0da31d7?auto=format&fit=crop&w=1400&q=80" was detected as the Largest Contentful Paint (LCP). Please add the `loading="eager"` property if this image is above the fold.
Read more: https://nextjs.org/docs/app/api-reference/components/image#loading
[browser] Uncaught Error: Switched to client rendering because the server rendering errored:

window is not defined
    at <unknown> (C:\Users\adars\OneDrive\Documents\Projects\truckify-web\.next\dev\server\chunks\ssr\node_modules_0q8b4vn._.js:461:44)
    at module evaluation (C:\Users\adars\OneDrive\Documents\Projects\truckify-web\.next\dev\server\chunks\ssr\node_modules_0q8b4vn._.js:462:3)
    at module evaluation (components\ui\IndiaMap.tsx:4:1)
  2 |
  3 | import { useSyncExternalStore } from "react";
> 4 | import { MapContainer, TileLayer, Marker, Popup, Polyline, Circle } from "react-leaflet";
    | ^
  5 | import L from "leaflet";
  6 | import "leaflet/dist/leaflet.css";
  7 | import { cn } from "@/lib/utils";
⨯ ReferenceError: window is not defined
    at module evaluation (components\ui\IndiaMap.tsx:4:1)
  2 |
  3 | import { useSyncExternalStore } from "react";
> 4 | import { MapContainer, TileLayer, Marker, Popup, Polyline, Circle } from "react-leaflet";
    | ^
  5 | import L from "leaflet";
  6 | import "leaflet/dist/leaflet.css";
  7 | import { cn } from "@/lib/utils"; {
  digest: '4262541720'
}
[browser] Uncaught Error: Switched to client rendering because the server rendering errored:

window is not defined
    at <unknown> (C:\Users\adars\OneDrive\Documents\Projects\truckify-web\.next\dev\server\chunks\ssr\node_modules_0q8b4vn._.js:461:44)
    at module evaluation (C:\Users\adars\OneDrive\Documents\Projects\truckify-web\.next\dev\server\chunks\ssr\node_modules_0q8b4vn._.js:462:3)
    at module evaluation (components\ui\IndiaMap.tsx:4:1)
  2 |
  3 | import { useSyncExternalStore } from "react";
> 4 | import { MapContainer, TileLayer, Marker, Popup, Polyline, Circle } from "react-leaflet";
    | ^
  5 | import L from "leaflet";
  6 | import "leaflet/dist/leaflet.css";
  7 | import { cn } from "@/lib/utils";
[browser] Image with src "https://images.unsplash.com/photo-1601584115197-04ecc0da31d7?auto=format&fit=crop&w=1400&q=80" was detected as the Largest Contentful Paint (LCP). Please add the `loading="eager"` property if this image is above the fold.
Read more: https://nextjs.org/docs/app/api-reference/components/image#loading
⨯ ReferenceError: window is not defined
    at module evaluation (components\ui\IndiaMap.tsx:4:1)
  2 |
  3 | import { useSyncExternalStore } from "react";
> 4 | import { MapContainer, TileLayer, Marker, Popup, Polyline, Circle } from "react-leaflet";
    | ^
  5 | import L from "leaflet";
  6 | import "leaflet/dist/leaflet.css";
  7 | import { cn } from "@/lib/utils"; {
  digest: '4262541720'
}
⨯ ReferenceError: window is not defined
    at module evaluation (components\ui\IndiaMap.tsx:4:1)
  2 |
  3 | import { useSyncExternalStore } from "react";
> 4 | import { MapContainer, TileLayer, Marker, Popup, Polyline, Circle } from "react-leaflet";
    | ^
  5 | import L from "leaflet";
  6 | import "leaflet/dist/leaflet.css";
  7 | import { cn } from "@/lib/utils"; {
  digest: '4262541720'
}
⨯ ReferenceError: window is not defined
    at module evaluation (components\ui\IndiaMap.tsx:4:1)
  2 |
  3 | import { useSyncExternalStore } from "react";
> 4 | import { MapContainer, TileLayer, Marker, Popup, Polyline, Circle } from "react-leaflet";
    | ^
  5 | import L from "leaflet";
  6 | import "leaflet/dist/leaflet.css";
  7 | import { cn } from "@/lib/utils"; {
  digest: '4262541720'
}
[browser] Uncaught Error: Switched to client rendering because the server rendering errored:

window is not defined
    at <unknown> (C:\Users\adars\OneDrive\Documents\Projects\truckify-web\.next\dev\server\chunks\ssr\node_modules_0q8b4vn._.js:461:44)
    at module evaluation (C:\Users\adars\OneDrive\Documents\Projects\truckify-web\.next\dev\server\chunks\ssr\node_modules_0q8b4vn._.js:462:3)
    at module evaluation (components\ui\IndiaMap.tsx:4:1)
  2 |
  3 | import { useSyncExternalStore } from "react";
> 4 | import { MapContainer, TileLayer, Marker, Popup, Polyline, Circle } from "react-leaflet";
    | ^
  5 | import L from "leaflet";
  6 | import "leaflet/dist/leaflet.css";
  7 | import { cn } from "@/lib/utils";
[browser] Image with src "https://images.unsplash.com/photo-1601584115197-04ecc0da31d7?auto=format&fit=crop&w=1400&q=80" was detected as the Largest Contentful Paint (LCP). Please add the `loading="eager"` property if this image is above the fold.
Read more: https://nextjs.org/docs/app/api-reference/components/image#loading
⨯ ReferenceError: window is not defined
    at module evaluation (components\ui\IndiaMap.tsx:4:1)
  2 |
  3 | import { useSyncExternalStore } from "react";
> 4 | import { MapContainer, TileLayer, Marker, Popup, Polyline, Circle } from "react-leaflet";
    | ^
  5 | import L from "leaflet";
  6 | import "leaflet/dist/leaflet.css";
  7 | import { cn } from "@/lib/utils"; {
  digest: '4262541720'
}
[browser] Detected `scroll-behavior: smooth` on the `<html>` element. To disable smooth scrolling during route transitions, add `data-scroll-behavior="smooth"` to your <html> element. Learn more: https://nextjs.org/docs/messages/missing-data-scroll-behavior
⨯ ReferenceError: window is not defined
    at module evaluation (components\ui\IndiaMap.tsx:4:1)
  2 |
  3 | import { useSyncExternalStore } from "react";
> 4 | import { MapContainer, TileLayer, Marker, Popup, Polyline, Circle } from "react-leaflet";
    | ^
  5 | import L from "leaflet";
  6 | import "leaflet/dist/leaflet.css";
  7 | import { cn } from "@/lib/utils"; {
  digest: '4262541720'
}
[browser] Uncaught Error: Switched to client rendering because the server rendering errored:

window is not defined
    at <unknown> (C:\Users\adars\OneDrive\Documents\Projects\truckify-web\.next\dev\server\chunks\ssr\node_modules_0q8b4vn._.js:461:44)
    at module evaluation (C:\Users\adars\OneDrive\Documents\Projects\truckify-web\.next\dev\server\chunks\ssr\node_modules_0q8b4vn._.js:462:3)
    at module evaluation (components\ui\IndiaMap.tsx:4:1)
  2 |
  3 | import { useSyncExternalStore } from "react";
> 4 | import { MapContainer, TileLayer, Marker, Popup, Polyline, Circle } from "react-leaflet";
    | ^
  5 | import L from "leaflet";
  6 | import "leaflet/dist/leaflet.css";
  7 | import { cn } from "@/lib/utils";
[browser] Image with src "https://images.unsplash.com/photo-1601584115197-04ecc0da31d7?auto=format&fit=crop&w=1400&q=80" was detected as the Largest Contentful Paint (LCP). Please add the `loading="eager"` property if this image is above the fold.
Read more: https://nextjs.org/docs/app/api-reference/components/image#loading
⨯ ReferenceError: window is not defined
    at module evaluation (components\ui\IndiaMap.tsx:4:1)
  2 |
  3 | import { useSyncExternalStore } from "react";
> 4 | import { MapContainer, TileLayer, Marker, Popup, Polyline, Circle } from "react-leaflet";
    | ^
  5 | import L from "leaflet";
  6 | import "leaflet/dist/leaflet.css";
  7 | import { cn } from "@/lib/utils"; {
  digest: '4262541720'
}
[browser] Uncaught Error: Switched to client rendering because the server rendering errored:

window is not defined
    at <unknown> (C:\Users\adars\OneDrive\Documents\Projects\truckify-web\.next\dev\server\chunks\ssr\node_modules_0q8b4vn._.js:461:44)
    at module evaluation (C:\Users\adars\OneDrive\Documents\Projects\truckify-web\.next\dev\server\chunks\ssr\node_modules_0q8b4vn._.js:462:3)
    at module evaluation (components\ui\IndiaMap.tsx:4:1)
  2 |
  3 | import { useSyncExternalStore } from "react";
> 4 | import { MapContainer, TileLayer, Marker, Popup, Polyline, Circle } from "react-leaflet";
    | ^
  5 | import L from "leaflet";
  6 | import "leaflet/dist/leaflet.css";
  7 | import { cn } from "@/lib/utils";
[browser] Image with src "https://images.unsplash.com/photo-1601584115197-04ecc0da31d7?auto=format&fit=crop&w=1400&q=80" was detected as the Largest Contentful Paint (LCP). Please add the `loading="eager"` property if this image is above the fold.
Read more: https://nextjs.org/docs/app/api-reference/components/image#loading
[browser] Detected `scroll-behavior: smooth` on the `<html>` element. To disable smooth scrolling during route transitions, add `data-scroll-behavior="smooth"` to your <html> element. Learn more: https://nextjs.org/docs/messages/missing-data-scroll-behavior
